<head>
  <style>
  body {
    margin: 0 auto 0 auto;
    padding: 0;
    font-size: 16px;
    background-color: #f2f2f2;
    width: 1000px;
    max-width: 100%;
  }

  .testcase-examplecontent {
    padding: 0.5em;
  }
  </style>
</head>

<body>
  <div class="testcase-examplecontent">Frame Content</div>
</body>
